// Jest Snapshot v1, https://goo.gl/fbAQLP

exports[`Animal Crossing Container renders a list of villagers 1`] = `
<ul
  aria-label="characters"
/>
`;
